%!Adobe-FontList 1.20
%Locale:0x409

%BeginFont
Handler:DirectoryHandler
FontType:TrueType
FontName:Holland
FamilyName:Holland
StyleName:Regular
FullName:Holland
MenuName:Holland
StyleBits:0
WritingScript:Roman
OutlineFileName:C:\UID_Projects\200306-MY-VictoriaSecret\Asset\Font\Holland.ttf
DataFormat:sfntData
hasSVG:no
VariableFontType:NonVariableFont
FileLength:116848
FileModTime:1583707950
WeightClass:400
WidthClass:5
AngleClass:0
NameArray:0,Mac,4,Holland
NameArray:0,Win,1,Holland
%EndFont

%BeginFont
Handler:DirectoryHandler
FontType:TrueType
FontName:Victoria-Italic
FamilyName:Victoria
StyleName:Italic
FullName:Victoria-Italic
MenuName:Victoria
StyleBits:1
WritingScript:Roman
OutlineFileName:C:\UID_Projects\200306-MY-VictoriaSecret\Asset\Font\victoria-italic.ttf
DataFormat:sfntData
hasSVG:no
VariableFontType:NonVariableFont
FileLength:41648
FileModTime:1583707950
WeightClass:400
WidthClass:5
AngleClass:1
NameArray:0,Mac,18,Victoria Italic
NameArray:0,Mac,4,Victoria Italic
NameArray:0,Win,1,Victoria
NameArray:0,Win,16,Victoria
%EndFont

%BeginFont
Handler:DirectoryHandler
FontType:Type1
FontName:Victoria-Roman
FamilyName:Victoria
StyleName:Regular
FullName:Victoria Roman
MenuName:Victoria
StyleBits:0
WritingScript:Roman
OutlineFileName:C:\UID_Projects\200306-MY-VictoriaSecret\Asset\Font\Victoria-Roman.otf
DataFormat:sfntData
UsesStandardEncoding:yes
isCFF:yes
hasSVG:no
VariableFontType:NonVariableFont
FileLength:19548
FileModTime:1583707950
WeightClass:500
WidthClass:5
AngleClass:0
NameArray:0,Mac,4,Victoria Roman
NameArray:0,Win,1,Victoria
%EndFont

